Archive member included because of file (symbol)

/usr/local/Cellar/avr-gcc/4.8.3/lib/gcc/avr/4.8.3/../../../../avr/lib/avr5/libprintf_flt.a(vfprintf_flt.o)
                              (vfprintf)
/usr/local/Cellar/avr-gcc/4.8.3/lib/gcc/avr/4.8.3/../../../../avr/lib/avr5/libc.a(exit.o)
                              /usr/local/Cellar/avr-gcc/4.8.3/lib/gcc/avr/4.8.3/../../../../avr/lib/avr5/crtm328p.o (exit)
/usr/local/Cellar/avr-gcc/4.8.3/lib/gcc/avr/4.8.3/../../../../avr/lib/avr5/libc.a(ftoa_engine.o)
                              /usr/local/Cellar/avr-gcc/4.8.3/lib/gcc/avr/4.8.3/../../../../avr/lib/avr5/libprintf_flt.a(vfprintf_flt.o) (__ftoa_engine)
/usr/local/Cellar/avr-gcc/4.8.3/lib/gcc/avr/4.8.3/../../../../avr/lib/avr5/libc.a(strnlen_P.o)
                              /usr/local/Cellar/avr-gcc/4.8.3/lib/gcc/avr/4.8.3/../../../../avr/lib/avr5/libprintf_flt.a(vfprintf_flt.o) (strnlen_P)
/usr/local/Cellar/avr-gcc/4.8.3/lib/gcc/avr/4.8.3/../../../../avr/lib/avr5/libc.a(strnlen.o)
                              /usr/local/Cellar/avr-gcc/4.8.3/lib/gcc/avr/4.8.3/../../../../avr/lib/avr5/libprintf_flt.a(vfprintf_flt.o) (strnlen)
/usr/local/Cellar/avr-gcc/4.8.3/lib/gcc/avr/4.8.3/../../../../avr/lib/avr5/libc.a(fputc.o)
                              /usr/local/Cellar/avr-gcc/4.8.3/lib/gcc/avr/4.8.3/../../../../avr/lib/avr5/libprintf_flt.a(vfprintf_flt.o) (fputc)
/usr/local/Cellar/avr-gcc/4.8.3/lib/gcc/avr/4.8.3/../../../../avr/lib/avr5/libc.a(ultoa_invert.o)
                              /usr/local/Cellar/avr-gcc/4.8.3/lib/gcc/avr/4.8.3/../../../../avr/lib/avr5/libprintf_flt.a(vfprintf_flt.o) (__ultoa_invert)
/Users/maurik/Documents/codes/Microdev/AVR/lib/atmega328p_20000000/libarduino.a(wiring.o)
                              main.o (delay)
/Users/maurik/Documents/codes/Microdev/AVR/lib/atmega328p_20000000/libarduino.a(wiring_digital.o)
                              main.o (pinMode)
/Users/maurik/Documents/codes/Microdev/AVR/lib/atmega328p_20000000/libarduino.a(hooks.o)
                              /Users/maurik/Documents/codes/Microdev/AVR/lib/atmega328p_20000000/libarduino.a(wiring.o) (yield)
/Users/maurik/Documents/codes/Microdev/AVR/lib/atmega328p_20000000/libarduinoutil.a(Adafruit_NeoPixel.o)
                              main.o (Adafruit_NeoPixel::~Adafruit_NeoPixel())
/usr/local/Cellar/avr-gcc/4.8.3/lib/gcc/avr/4.8.3/avr5/libgcc.a(_muluhisi3.o)
                              /Users/maurik/Documents/codes/Microdev/AVR/lib/atmega328p_20000000/libarduino.a(wiring.o) (__muluhisi3)
/usr/local/Cellar/avr-gcc/4.8.3/lib/gcc/avr/4.8.3/avr5/libgcc.a(_udivmodhi4.o)
                              main.o (__udivmodhi4)
/usr/local/Cellar/avr-gcc/4.8.3/lib/gcc/avr/4.8.3/avr5/libgcc.a(_udivmodsi4.o)
                              /Users/maurik/Documents/codes/Microdev/AVR/lib/atmega328p_20000000/libarduinoutil.a(Adafruit_NeoPixel.o) (__udivmodsi4)
/usr/local/Cellar/avr-gcc/4.8.3/lib/gcc/avr/4.8.3/avr5/libgcc.a(_divmodsi4.o)
                              /Users/maurik/Documents/codes/Microdev/AVR/lib/atmega328p_20000000/libarduinoutil.a(Adafruit_NeoPixel.o) (__divmodsi4)
/usr/local/Cellar/avr-gcc/4.8.3/lib/gcc/avr/4.8.3/avr5/libgcc.a(_negsi2.o)
                              /usr/local/Cellar/avr-gcc/4.8.3/lib/gcc/avr/4.8.3/avr5/libgcc.a(_divmodsi4.o) (__negsi2)
/usr/local/Cellar/avr-gcc/4.8.3/lib/gcc/avr/4.8.3/avr5/libgcc.a(_prologue.o)
                              /usr/local/Cellar/avr-gcc/4.8.3/lib/gcc/avr/4.8.3/../../../../avr/lib/avr5/libprintf_flt.a(vfprintf_flt.o) (__prologue_saves__)
/usr/local/Cellar/avr-gcc/4.8.3/lib/gcc/avr/4.8.3/avr5/libgcc.a(_epilogue.o)
                              /usr/local/Cellar/avr-gcc/4.8.3/lib/gcc/avr/4.8.3/../../../../avr/lib/avr5/libprintf_flt.a(vfprintf_flt.o) (__epilogue_restores__)
/usr/local/Cellar/avr-gcc/4.8.3/lib/gcc/avr/4.8.3/avr5/libgcc.a(_exit.o)
                              /usr/local/Cellar/avr-gcc/4.8.3/lib/gcc/avr/4.8.3/../../../../avr/lib/avr5/libc.a(exit.o) (_exit)
/usr/local/Cellar/avr-gcc/4.8.3/lib/gcc/avr/4.8.3/avr5/libgcc.a(_clear_bss.o)
                              main.o (__do_clear_bss)
/usr/local/Cellar/avr-gcc/4.8.3/lib/gcc/avr/4.8.3/avr5/libgcc.a(_ctors.o)
                              main.o (__do_global_ctors)
/usr/local/Cellar/avr-gcc/4.8.3/lib/gcc/avr/4.8.3/avr5/libgcc.a(_dtors.o)
                              main.o (__do_global_dtors)
/usr/local/Cellar/avr-gcc/4.8.3/lib/gcc/avr/4.8.3/avr5/libgcc.a(_umulhisi3.o)
                              /usr/local/Cellar/avr-gcc/4.8.3/lib/gcc/avr/4.8.3/avr5/libgcc.a(_muluhisi3.o) (__umulhisi3)
/usr/local/Cellar/avr-gcc/4.8.3/lib/gcc/avr/4.8.3/avr5/libgcc.a(_tablejump.o)
                              /usr/local/Cellar/avr-gcc/4.8.3/lib/gcc/avr/4.8.3/avr5/libgcc.a(_ctors.o) (__tablejump__)
/usr/local/Cellar/avr-gcc/4.8.3/lib/gcc/avr/4.8.3/../../../../avr/lib/avr5/libc.a(malloc.o)
                              /Users/maurik/Documents/codes/Microdev/AVR/lib/atmega328p_20000000/libarduinoutil.a(Adafruit_NeoPixel.o) (malloc)
/usr/local/Cellar/avr-gcc/4.8.3/lib/gcc/avr/4.8.3/../../../../avr/lib/avr5/libc.a(memset.o)
                              /Users/maurik/Documents/codes/Microdev/AVR/lib/atmega328p_20000000/libarduinoutil.a(Adafruit_NeoPixel.o) (memset)
/usr/local/Cellar/avr-gcc/4.8.3/lib/gcc/avr/4.8.3/avr5/libgcc.a(_copy_data.o)
                              /usr/local/Cellar/avr-gcc/4.8.3/lib/gcc/avr/4.8.3/../../../../avr/lib/avr5/libc.a(malloc.o) (__do_copy_data)

Allocating common symbols
Common symbol       size              file

__brkval            0x2               /usr/local/Cellar/avr-gcc/4.8.3/lib/gcc/avr/4.8.3/../../../../avr/lib/avr5/libc.a(malloc.o)
__flp               0x2               /usr/local/Cellar/avr-gcc/4.8.3/lib/gcc/avr/4.8.3/../../../../avr/lib/avr5/libc.a(malloc.o)

Memory Configuration

Name             Origin             Length             Attributes
text             0x0000000000000000 0x0000000000020000 xr
data             0x0000000000800060 0x000000000000ffa0 rw !x
eeprom           0x0000000000810000 0x0000000000010000 rw !x
fuse             0x0000000000820000 0x0000000000000400 rw !x
lock             0x0000000000830000 0x0000000000000400 rw !x
signature        0x0000000000840000 0x0000000000000400 rw !x
*default*        0x0000000000000000 0xffffffffffffffff

Linker script and memory map

Address of section .data set to 0x800100
LOAD /usr/local/Cellar/avr-gcc/4.8.3/lib/gcc/avr/4.8.3/../../../../avr/lib/avr5/crtm328p.o
LOAD main.o
LOAD /usr/local/Cellar/avr-gcc/4.8.3/lib/gcc/avr/4.8.3/../../../../avr/lib/avr5/libprintf_flt.a
LOAD /usr/local/Cellar/avr-gcc/4.8.3/lib/gcc/avr/4.8.3/../../../../avr/lib/avr5/libm.a
LOAD /usr/local/Cellar/avr-gcc/4.8.3/lib/gcc/avr/4.8.3/../../../../avr/lib/avr5/libc.a
LOAD /Users/maurik/Documents/codes/Microdev/AVR/lib/atmega328p_20000000/libarduino.a
LOAD /Users/maurik/Documents/codes/Microdev/AVR/lib/atmega328p_20000000/libarduinoutil.a
START GROUP
LOAD /usr/local/Cellar/avr-gcc/4.8.3/lib/gcc/avr/4.8.3/avr5/libgcc.a
LOAD /usr/local/Cellar/avr-gcc/4.8.3/lib/gcc/avr/4.8.3/../../../../avr/lib/avr5/libm.a
LOAD /usr/local/Cellar/avr-gcc/4.8.3/lib/gcc/avr/4.8.3/../../../../avr/lib/avr5/libc.a
END GROUP

.hash
 *(.hash)

.dynsym
 *(.dynsym)

.dynstr
 *(.dynstr)

.gnu.version
 *(.gnu.version)

.gnu.version_d
 *(.gnu.version_d)

.gnu.version_r
 *(.gnu.version_r)

.rel.init
 *(.rel.init)

.rela.init
 *(.rela.init)

.rel.text
 *(.rel.text)
 *(.rel.text.*)
 *(.rel.gnu.linkonce.t*)

.rela.text
 *(.rela.text)
 *(.rela.text.*)
 *(.rela.gnu.linkonce.t*)

.rel.fini
 *(.rel.fini)

.rela.fini
 *(.rela.fini)

.rel.rodata
 *(.rel.rodata)
 *(.rel.rodata.*)
 *(.rel.gnu.linkonce.r*)

.rela.rodata
 *(.rela.rodata)
 *(.rela.rodata.*)
 *(.rela.gnu.linkonce.r*)

.rel.data
 *(.rel.data)
 *(.rel.data.*)
 *(.rel.gnu.linkonce.d*)

.rela.data
 *(.rela.data)
 *(.rela.data.*)
 *(.rela.gnu.linkonce.d*)

.rel.ctors
 *(.rel.ctors)

.rela.ctors
 *(.rela.ctors)

.rel.dtors
 *(.rel.dtors)

.rela.dtors
 *(.rela.dtors)

.rel.got
 *(.rel.got)

.rela.got
 *(.rela.got)

.rel.bss
 *(.rel.bss)

.rela.bss
 *(.rela.bss)

.rel.plt
 *(.rel.plt)

.rela.plt
 *(.rela.plt)

.text           0x0000000000000000     0x20d6
 *(.vectors)
 .vectors       0x0000000000000000       0x68 /usr/local/Cellar/avr-gcc/4.8.3/lib/gcc/avr/4.8.3/../../../../avr/lib/avr5/crtm328p.o
                0x0000000000000000                __vectors
                0x0000000000000000                __vector_default
 *(.vectors)
 *(.progmem.gcc*)
                0x0000000000000068                . = ALIGN (0x2)
                0x0000000000000068                __trampolines_start = .
 *(.trampolines)
 .trampolines   0x0000000000000068        0x0 linker stubs
 *(.trampolines*)
                0x0000000000000068                __trampolines_end = .
 *(.progmem*)
 .progmem.data  0x0000000000000068        0x8 /usr/local/Cellar/avr-gcc/4.8.3/lib/gcc/avr/4.8.3/../../../../avr/lib/avr5/libprintf_flt.a(vfprintf_flt.o)
 .progmem.data  0x0000000000000070       0xfa /usr/local/Cellar/avr-gcc/4.8.3/lib/gcc/avr/4.8.3/../../../../avr/lib/avr5/libc.a(ftoa_engine.o)
 .progmem.data  0x000000000000016a       0x6c /Users/maurik/Documents/codes/Microdev/AVR/lib/atmega328p_20000000/libarduino.a(wiring_digital.o)
                0x000000000000016a                digital_pin_to_timer_PGM
                0x000000000000017e                digital_pin_to_bit_mask_PGM
                0x000000000000019b                digital_pin_to_port_PGM
                0x00000000000001b8                port_to_input_PGM
                0x00000000000001c2                port_to_output_PGM
                0x00000000000001cc                port_to_mode_PGM
                0x00000000000001d6                . = ALIGN (0x2)
 *(.jumptables)
 *(.jumptables*)
 *(.lowtext)
 *(.lowtext*)
                0x00000000000001d6                __ctors_start = .
 *(.ctors)
 .ctors         0x00000000000001d6        0x2 main.o
                0x00000000000001d8                __ctors_end = .
                0x00000000000001d8                __dtors_start = .
 *(.dtors)
 .dtors         0x00000000000001d8        0x2 main.o
                0x00000000000001da                __dtors_end = .
 SORT(*)(.ctors)
 SORT(*)(.dtors)
 *(.init0)
 .init0         0x00000000000001da        0x0 /usr/local/Cellar/avr-gcc/4.8.3/lib/gcc/avr/4.8.3/../../../../avr/lib/avr5/crtm328p.o
                0x00000000000001da                __init
 *(.init0)
 *(.init1)
 *(.init1)
 *(.init2)
 .init2         0x00000000000001da        0xc /usr/local/Cellar/avr-gcc/4.8.3/lib/gcc/avr/4.8.3/../../../../avr/lib/avr5/crtm328p.o
 *(.init2)
 *(.init3)
 *(.init3)
 *(.init4)
 .init4         0x00000000000001e6       0x10 /usr/local/Cellar/avr-gcc/4.8.3/lib/gcc/avr/4.8.3/avr5/libgcc.a(_clear_bss.o)
                0x00000000000001e6                __do_clear_bss
 .init4         0x00000000000001f6       0x16 /usr/local/Cellar/avr-gcc/4.8.3/lib/gcc/avr/4.8.3/avr5/libgcc.a(_copy_data.o)
                0x00000000000001f6                __do_copy_data
 *(.init4)
 *(.init5)
 *(.init5)
 *(.init6)
 .init6         0x000000000000020c       0x16 /usr/local/Cellar/avr-gcc/4.8.3/lib/gcc/avr/4.8.3/avr5/libgcc.a(_ctors.o)
                0x000000000000020c                __do_global_ctors
 *(.init6)
 *(.init7)
 *(.init7)
 *(.init8)
 *(.init8)
 *(.init9)
 .init9         0x0000000000000222        0x8 /usr/local/Cellar/avr-gcc/4.8.3/lib/gcc/avr/4.8.3/../../../../avr/lib/avr5/crtm328p.o
 *(.init9)
 *(.text)
 .text          0x000000000000022a        0x4 /usr/local/Cellar/avr-gcc/4.8.3/lib/gcc/avr/4.8.3/../../../../avr/lib/avr5/crtm328p.o
                0x000000000000022a                __vector_20
                0x000000000000022a                __vector_1
                0x000000000000022a                __vector_24
                0x000000000000022a                __vector_12
                0x000000000000022a                __bad_interrupt
                0x000000000000022a                __vector_6
                0x000000000000022a                __vector_3
                0x000000000000022a                __vector_23
                0x000000000000022a                __vector_25
                0x000000000000022a                __vector_11
                0x000000000000022a                __vector_13
                0x000000000000022a                __vector_17
                0x000000000000022a                __vector_19
                0x000000000000022a                __vector_7
                0x000000000000022a                __vector_5
                0x000000000000022a                __vector_4
                0x000000000000022a                __vector_9
                0x000000000000022a                __vector_2
                0x000000000000022a                __vector_21
                0x000000000000022a                __vector_15
                0x000000000000022a                __vector_8
                0x000000000000022a                __vector_14
                0x000000000000022a                __vector_10
                0x000000000000022a                __vector_18
                0x000000000000022a                __vector_22
 .text          0x000000000000022e      0x34e main.o
                0x000000000000022e                colorWipe(unsigned long, unsigned char)
                0x0000000000000298                theaterChase(unsigned long, unsigned char)
                0x000000000000035e                Wheel(unsigned char)
                0x000000000000039c                rainbow(unsigned char)
                0x0000000000000412                rainbowCycle(unsigned char)
                0x00000000000004a6                theaterChaseRainbow(unsigned char)
 .text          0x000000000000057c        0x0 /usr/local/Cellar/avr-gcc/4.8.3/lib/gcc/avr/4.8.3/../../../../avr/lib/avr5/libprintf_flt.a(vfprintf_flt.o)
 .text          0x000000000000057c        0x0 /usr/local/Cellar/avr-gcc/4.8.3/lib/gcc/avr/4.8.3/../../../../avr/lib/avr5/libc.a(exit.o)
 .text          0x000000000000057c        0x0 /usr/local/Cellar/avr-gcc/4.8.3/lib/gcc/avr/4.8.3/../../../../avr/lib/avr5/libc.a(ftoa_engine.o)
 .text          0x000000000000057c        0x0 /usr/local/Cellar/avr-gcc/4.8.3/lib/gcc/avr/4.8.3/../../../../avr/lib/avr5/libc.a(strnlen_P.o)
 .text          0x000000000000057c        0x0 /usr/local/Cellar/avr-gcc/4.8.3/lib/gcc/avr/4.8.3/../../../../avr/lib/avr5/libc.a(strnlen.o)
 .text          0x000000000000057c        0x0 /usr/local/Cellar/avr-gcc/4.8.3/lib/gcc/avr/4.8.3/../../../../avr/lib/avr5/libc.a(fputc.o)
 .text          0x000000000000057c        0x0 /usr/local/Cellar/avr-gcc/4.8.3/lib/gcc/avr/4.8.3/../../../../avr/lib/avr5/libc.a(ultoa_invert.o)
 .text          0x000000000000057c      0x1f4 /Users/maurik/Documents/codes/Microdev/AVR/lib/atmega328p_20000000/libarduino.a(wiring.o)
                0x000000000000057c                __vector_16
                0x0000000000000608                millis
                0x0000000000000620                micros
                0x0000000000000662                delay
                0x00000000000006d6                delayMicroseconds
                0x00000000000006fa                init
 .text          0x0000000000000770      0x182 /Users/maurik/Documents/codes/Microdev/AVR/lib/atmega328p_20000000/libarduino.a(wiring_digital.o)
                0x00000000000007c2                pinMode
                0x0000000000000834                digitalWrite
                0x00000000000008a0                digitalRead
 .text          0x00000000000008f2        0x2 /Users/maurik/Documents/codes/Microdev/AVR/lib/atmega328p_20000000/libarduino.a(hooks.o)
                0x00000000000008f2                yield
 .text          0x00000000000008f4      0x8ae /Users/maurik/Documents/codes/Microdev/AVR/lib/atmega328p_20000000/libarduinoutil.a(Adafruit_NeoPixel.o)
                0x00000000000008f4                Adafruit_NeoPixel::Adafruit_NeoPixel()
                0x00000000000008f4                Adafruit_NeoPixel::Adafruit_NeoPixel()
                0x0000000000000922                Adafruit_NeoPixel::~Adafruit_NeoPixel()
                0x0000000000000922                Adafruit_NeoPixel::~Adafruit_NeoPixel()
                0x000000000000094a                Adafruit_NeoPixel::begin()
                0x000000000000096e                Adafruit_NeoPixel::updateLength(unsigned int)
                0x00000000000009e2                Adafruit_NeoPixel::updateType(unsigned int)
                0x0000000000000a52                Adafruit_NeoPixel::show()
                0x0000000000000bd6                Adafruit_NeoPixel::setPin(unsigned char)
                0x0000000000000c3a                Adafruit_NeoPixel::Adafruit_NeoPixel(unsigned int, unsigned char, unsigned int)
                0x0000000000000c3a                Adafruit_NeoPixel::Adafruit_NeoPixel(unsigned int, unsigned char, unsigned int)
                0x0000000000000c8a                Adafruit_NeoPixel::setPixelColor(unsigned int, unsigned char, unsigned char, unsigned char)
                0x0000000000000d32                Adafruit_NeoPixel::setPixelColor(unsigned int, unsigned char, unsigned char, unsigned char, unsigned char)
                0x0000000000000dea                Adafruit_NeoPixel::setPixelColor(unsigned int, unsigned long)
                0x0000000000000eb4                Adafruit_NeoPixel::Color(unsigned char, unsigned char, unsigned char)
                0x0000000000000ec6                Adafruit_NeoPixel::Color(unsigned char, unsigned char, unsigned char, unsigned char)
                0x0000000000000eda                Adafruit_NeoPixel::getPixelColor(unsigned int) const
                0x00000000000010f6                Adafruit_NeoPixel::getPixels() const
                0x00000000000010fe                Adafruit_NeoPixel::numPixels() const
                0x0000000000001106                Adafruit_NeoPixel::setBrightness(unsigned char)
                0x0000000000001188                Adafruit_NeoPixel::getBrightness() const
                0x0000000000001190                Adafruit_NeoPixel::clear()
 .text          0x00000000000011a2        0x0 /usr/local/Cellar/avr-gcc/4.8.3/lib/gcc/avr/4.8.3/avr5/libgcc.a(_muluhisi3.o)
 .text          0x00000000000011a2        0x0 /usr/local/Cellar/avr-gcc/4.8.3/lib/gcc/avr/4.8.3/avr5/libgcc.a(_udivmodhi4.o)
 .text          0x00000000000011a2        0x0 /usr/local/Cellar/avr-gcc/4.8.3/lib/gcc/avr/4.8.3/avr5/libgcc.a(_udivmodsi4.o)
 .text          0x00000000000011a2        0x0 /usr/local/Cellar/avr-gcc/4.8.3/lib/gcc/avr/4.8.3/avr5/libgcc.a(_divmodsi4.o)
 .text          0x00000000000011a2        0x0 /usr/local/Cellar/avr-gcc/4.8.3/lib/gcc/avr/4.8.3/avr5/libgcc.a(_negsi2.o)
 .text          0x00000000000011a2        0x0 /usr/local/Cellar/avr-gcc/4.8.3/lib/gcc/avr/4.8.3/avr5/libgcc.a(_prologue.o)
 .text          0x00000000000011a2        0x0 /usr/local/Cellar/avr-gcc/4.8.3/lib/gcc/avr/4.8.3/avr5/libgcc.a(_epilogue.o)
 .text          0x00000000000011a2        0x0 /usr/local/Cellar/avr-gcc/4.8.3/lib/gcc/avr/4.8.3/avr5/libgcc.a(_exit.o)
 .text          0x00000000000011a2        0x0 /usr/local/Cellar/avr-gcc/4.8.3/lib/gcc/avr/4.8.3/avr5/libgcc.a(_clear_bss.o)
 .text          0x00000000000011a2        0x0 /usr/local/Cellar/avr-gcc/4.8.3/lib/gcc/avr/4.8.3/avr5/libgcc.a(_ctors.o)
 .text          0x00000000000011a2        0x0 /usr/local/Cellar/avr-gcc/4.8.3/lib/gcc/avr/4.8.3/avr5/libgcc.a(_dtors.o)
 .text          0x00000000000011a2        0x0 /usr/local/Cellar/avr-gcc/4.8.3/lib/gcc/avr/4.8.3/avr5/libgcc.a(_umulhisi3.o)
 .text          0x00000000000011a2        0x0 /usr/local/Cellar/avr-gcc/4.8.3/lib/gcc/avr/4.8.3/avr5/libgcc.a(_tablejump.o)
 .text          0x00000000000011a2        0x0 /usr/local/Cellar/avr-gcc/4.8.3/lib/gcc/avr/4.8.3/../../../../avr/lib/avr5/libc.a(malloc.o)
 .text          0x00000000000011a2        0x0 /usr/local/Cellar/avr-gcc/4.8.3/lib/gcc/avr/4.8.3/../../../../avr/lib/avr5/libc.a(memset.o)
 .text          0x00000000000011a2        0x0 /usr/local/Cellar/avr-gcc/4.8.3/lib/gcc/avr/4.8.3/avr5/libgcc.a(_copy_data.o)
                0x00000000000011a2                . = ALIGN (0x2)
 *(.text.*)
 .text.startup  0x00000000000011a2      0x164 main.o
                0x00000000000011a2                main
 .text.exit     0x0000000000001306        0x8 main.o
 .text.avr-libc
                0x000000000000130e      0x6f8 /usr/local/Cellar/avr-gcc/4.8.3/lib/gcc/avr/4.8.3/../../../../avr/lib/avr5/libprintf_flt.a(vfprintf_flt.o)
                0x000000000000130e                vfprintf
 .text.avr-libc
                0x0000000000001a06        0x6 /usr/local/Cellar/avr-gcc/4.8.3/lib/gcc/avr/4.8.3/../../../../avr/lib/avr5/libc.a(exit.o)
                0x0000000000001a06                exit
 .text.avr-libc
                0x0000000000001a0c      0x1b0 /usr/local/Cellar/avr-gcc/4.8.3/lib/gcc/avr/4.8.3/../../../../avr/lib/avr5/libc.a(ftoa_engine.o)
                0x0000000000001a0c                __ftoa_engine
 .text.avr-libc
                0x0000000000001bbc       0x16 /usr/local/Cellar/avr-gcc/4.8.3/lib/gcc/avr/4.8.3/../../../../avr/lib/avr5/libc.a(strnlen_P.o)
                0x0000000000001bbc                strnlen_P
 .text.avr-libc
                0x0000000000001bd2       0x16 /usr/local/Cellar/avr-gcc/4.8.3/lib/gcc/avr/4.8.3/../../../../avr/lib/avr5/libc.a(strnlen.o)
                0x0000000000001bd2                strnlen
 .text.avr-libc
                0x0000000000001be8       0x64 /usr/local/Cellar/avr-gcc/4.8.3/lib/gcc/avr/4.8.3/../../../../avr/lib/avr5/libc.a(fputc.o)
                0x0000000000001be8                fputc
 .text.avr-libc
                0x0000000000001c4c       0xbc /usr/local/Cellar/avr-gcc/4.8.3/lib/gcc/avr/4.8.3/../../../../avr/lib/avr5/libc.a(ultoa_invert.o)
                0x0000000000001c4c                __ultoa_invert
 .text.libgcc.mul
                0x0000000000001d08       0x16 /usr/local/Cellar/avr-gcc/4.8.3/lib/gcc/avr/4.8.3/avr5/libgcc.a(_muluhisi3.o)
                0x0000000000001d08                __muluhisi3
 .text.libgcc.div
                0x0000000000001d1e        0x0 /usr/local/Cellar/avr-gcc/4.8.3/lib/gcc/avr/4.8.3/avr5/libgcc.a(_muluhisi3.o)
 .text.libgcc   0x0000000000001d1e        0x0 /usr/local/Cellar/avr-gcc/4.8.3/lib/gcc/avr/4.8.3/avr5/libgcc.a(_muluhisi3.o)
 .text.libgcc.prologue
                0x0000000000001d1e        0x0 /usr/local/Cellar/avr-gcc/4.8.3/lib/gcc/avr/4.8.3/avr5/libgcc.a(_muluhisi3.o)
 .text.libgcc.builtins
                0x0000000000001d1e        0x0 /usr/local/Cellar/avr-gcc/4.8.3/lib/gcc/avr/4.8.3/avr5/libgcc.a(_muluhisi3.o)
 .text.libgcc.fmul
                0x0000000000001d1e        0x0 /usr/local/Cellar/avr-gcc/4.8.3/lib/gcc/avr/4.8.3/avr5/libgcc.a(_muluhisi3.o)
 .text.libgcc.fixed
                0x0000000000001d1e        0x0 /usr/local/Cellar/avr-gcc/4.8.3/lib/gcc/avr/4.8.3/avr5/libgcc.a(_muluhisi3.o)
 .text.libgcc.mul
                0x0000000000001d1e        0x0 /usr/local/Cellar/avr-gcc/4.8.3/lib/gcc/avr/4.8.3/avr5/libgcc.a(_udivmodhi4.o)
 .text.libgcc.div
                0x0000000000001d1e       0x28 /usr/local/Cellar/avr-gcc/4.8.3/lib/gcc/avr/4.8.3/avr5/libgcc.a(_udivmodhi4.o)
                0x0000000000001d1e                __udivmodhi4
 .text.libgcc   0x0000000000001d46        0x0 /usr/local/Cellar/avr-gcc/4.8.3/lib/gcc/avr/4.8.3/avr5/libgcc.a(_udivmodhi4.o)
 .text.libgcc.prologue
                0x0000000000001d46        0x0 /usr/local/Cellar/avr-gcc/4.8.3/lib/gcc/avr/4.8.3/avr5/libgcc.a(_udivmodhi4.o)
 .text.libgcc.builtins
                0x0000000000001d46        0x0 /usr/local/Cellar/avr-gcc/4.8.3/lib/gcc/avr/4.8.3/avr5/libgcc.a(_udivmodhi4.o)
 .text.libgcc.fmul
                0x0000000000001d46        0x0 /usr/local/Cellar/avr-gcc/4.8.3/lib/gcc/avr/4.8.3/avr5/libgcc.a(_udivmodhi4.o)
 .text.libgcc.fixed
                0x0000000000001d46        0x0 /usr/local/Cellar/avr-gcc/4.8.3/lib/gcc/avr/4.8.3/avr5/libgcc.a(_udivmodhi4.o)
 .text.libgcc.mul
                0x0000000000001d46        0x0 /usr/local/Cellar/avr-gcc/4.8.3/lib/gcc/avr/4.8.3/avr5/libgcc.a(_udivmodsi4.o)
 .text.libgcc.div
                0x0000000000001d46       0x44 /usr/local/Cellar/avr-gcc/4.8.3/lib/gcc/avr/4.8.3/avr5/libgcc.a(_udivmodsi4.o)
                0x0000000000001d46                __udivmodsi4
 .text.libgcc   0x0000000000001d8a        0x0 /usr/local/Cellar/avr-gcc/4.8.3/lib/gcc/avr/4.8.3/avr5/libgcc.a(_udivmodsi4.o)
 .text.libgcc.prologue
                0x0000000000001d8a        0x0 /usr/local/Cellar/avr-gcc/4.8.3/lib/gcc/avr/4.8.3/avr5/libgcc.a(_udivmodsi4.o)
 .text.libgcc.builtins
                0x0000000000001d8a        0x0 /usr/local/Cellar/avr-gcc/4.8.3/lib/gcc/avr/4.8.3/avr5/libgcc.a(_udivmodsi4.o)
 .text.libgcc.fmul
                0x0000000000001d8a        0x0 /usr/local/Cellar/avr-gcc/4.8.3/lib/gcc/avr/4.8.3/avr5/libgcc.a(_udivmodsi4.o)
 .text.libgcc.fixed
                0x0000000000001d8a        0x0 /usr/local/Cellar/avr-gcc/4.8.3/lib/gcc/avr/4.8.3/avr5/libgcc.a(_udivmodsi4.o)
 .text.libgcc.mul
                0x0000000000001d8a        0x0 /usr/local/Cellar/avr-gcc/4.8.3/lib/gcc/avr/4.8.3/avr5/libgcc.a(_divmodsi4.o)
 .text.libgcc.div
                0x0000000000001d8a       0x2e /usr/local/Cellar/avr-gcc/4.8.3/lib/gcc/avr/4.8.3/avr5/libgcc.a(_divmodsi4.o)
                0x0000000000001d8a                __divmodsi4
 .text.libgcc   0x0000000000001db8        0x0 /usr/local/Cellar/avr-gcc/4.8.3/lib/gcc/avr/4.8.3/avr5/libgcc.a(_divmodsi4.o)
 .text.libgcc.prologue
                0x0000000000001db8        0x0 /usr/local/Cellar/avr-gcc/4.8.3/lib/gcc/avr/4.8.3/avr5/libgcc.a(_divmodsi4.o)
 .text.libgcc.builtins
                0x0000000000001db8        0x0 /usr/local/Cellar/avr-gcc/4.8.3/lib/gcc/avr/4.8.3/avr5/libgcc.a(_divmodsi4.o)
 .text.libgcc.fmul
                0x0000000000001db8        0x0 /usr/local/Cellar/avr-gcc/4.8.3/lib/gcc/avr/4.8.3/avr5/libgcc.a(_divmodsi4.o)
 .text.libgcc.fixed
                0x0000000000001db8        0x0 /usr/local/Cellar/avr-gcc/4.8.3/lib/gcc/avr/4.8.3/avr5/libgcc.a(_divmodsi4.o)
 .text.libgcc.mul
                0x0000000000001db8        0x0 /usr/local/Cellar/avr-gcc/4.8.3/lib/gcc/avr/4.8.3/avr5/libgcc.a(_negsi2.o)
 .text.libgcc.div
                0x0000000000001db8       0x10 /usr/local/Cellar/avr-gcc/4.8.3/lib/gcc/avr/4.8.3/avr5/libgcc.a(_negsi2.o)
                0x0000000000001db8                __negsi2
 .text.libgcc   0x0000000000001dc8        0x0 /usr/local/Cellar/avr-gcc/4.8.3/lib/gcc/avr/4.8.3/avr5/libgcc.a(_negsi2.o)
 .text.libgcc.prologue
                0x0000000000001dc8        0x0 /usr/local/Cellar/avr-gcc/4.8.3/lib/gcc/avr/4.8.3/avr5/libgcc.a(_negsi2.o)
 .text.libgcc.builtins
                0x0000000000001dc8        0x0 /usr/local/Cellar/avr-gcc/4.8.3/lib/gcc/avr/4.8.3/avr5/libgcc.a(_negsi2.o)
 .text.libgcc.fmul
                0x0000000000001dc8        0x0 /usr/local/Cellar/avr-gcc/4.8.3/lib/gcc/avr/4.8.3/avr5/libgcc.a(_negsi2.o)
 .text.libgcc.fixed
                0x0000000000001dc8        0x0 /usr/local/Cellar/avr-gcc/4.8.3/lib/gcc/avr/4.8.3/avr5/libgcc.a(_negsi2.o)
 .text.libgcc.mul
                0x0000000000001dc8        0x0 /usr/local/Cellar/avr-gcc/4.8.3/lib/gcc/avr/4.8.3/avr5/libgcc.a(_prologue.o)
 .text.libgcc.div
                0x0000000000001dc8        0x0 /usr/local/Cellar/avr-gcc/4.8.3/lib/gcc/avr/4.8.3/avr5/libgcc.a(_prologue.o)
 .text.libgcc   0x0000000000001dc8        0x0 /usr/local/Cellar/avr-gcc/4.8.3/lib/gcc/avr/4.8.3/avr5/libgcc.a(_prologue.o)
 .text.libgcc.prologue
                0x0000000000001dc8       0x38 /usr/local/Cellar/avr-gcc/4.8.3/lib/gcc/avr/4.8.3/avr5/libgcc.a(_prologue.o)
                0x0000000000001dc8                __prologue_saves__
 .text.libgcc.builtins
                0x0000000000001e00        0x0 /usr/local/Cellar/avr-gcc/4.8.3/lib/gcc/avr/4.8.3/avr5/libgcc.a(_prologue.o)
 .text.libgcc.fmul
                0x0000000000001e00        0x0 /usr/local/Cellar/avr-gcc/4.8.3/lib/gcc/avr/4.8.3/avr5/libgcc.a(_prologue.o)
 .text.libgcc.fixed
                0x0000000000001e00        0x0 /usr/local/Cellar/avr-gcc/4.8.3/lib/gcc/avr/4.8.3/avr5/libgcc.a(_prologue.o)
 .text.libgcc.mul
                0x0000000000001e00        0x0 /usr/local/Cellar/avr-gcc/4.8.3/lib/gcc/avr/4.8.3/avr5/libgcc.a(_epilogue.o)
 .text.libgcc.div
                0x0000000000001e00        0x0 /usr/local/Cellar/avr-gcc/4.8.3/lib/gcc/avr/4.8.3/avr5/libgcc.a(_epilogue.o)
 .text.libgcc   0x0000000000001e00        0x0 /usr/local/Cellar/avr-gcc/4.8.3/lib/gcc/avr/4.8.3/avr5/libgcc.a(_epilogue.o)
 .text.libgcc.prologue
                0x0000000000001e00       0x36 /usr/local/Cellar/avr-gcc/4.8.3/lib/gcc/avr/4.8.3/avr5/libgcc.a(_epilogue.o)
                0x0000000000001e00                __epilogue_restores__
 .text.libgcc.builtins
                0x0000000000001e36        0x0 /usr/local/Cellar/avr-gcc/4.8.3/lib/gcc/avr/4.8.3/avr5/libgcc.a(_epilogue.o)
 .text.libgcc.fmul
                0x0000000000001e36        0x0 /usr/local/Cellar/avr-gcc/4.8.3/lib/gcc/avr/4.8.3/avr5/libgcc.a(_epilogue.o)
 .text.libgcc.fixed
                0x0000000000001e36        0x0 /usr/local/Cellar/avr-gcc/4.8.3/lib/gcc/avr/4.8.3/avr5/libgcc.a(_epilogue.o)
 .text.libgcc.mul
                0x0000000000001e36        0x0 /usr/local/Cellar/avr-gcc/4.8.3/lib/gcc/avr/4.8.3/avr5/libgcc.a(_exit.o)
 .text.libgcc.div
                0x0000000000001e36        0x0 /usr/local/Cellar/avr-gcc/4.8.3/lib/gcc/avr/4.8.3/avr5/libgcc.a(_exit.o)
 .text.libgcc   0x0000000000001e36        0x0 /usr/local/Cellar/avr-gcc/4.8.3/lib/gcc/avr/4.8.3/avr5/libgcc.a(_exit.o)
 .text.libgcc.prologue
                0x0000000000001e36        0x0 /usr/local/Cellar/avr-gcc/4.8.3/lib/gcc/avr/4.8.3/avr5/libgcc.a(_exit.o)
 .text.libgcc.builtins
                0x0000000000001e36        0x0 /usr/local/Cellar/avr-gcc/4.8.3/lib/gcc/avr/4.8.3/avr5/libgcc.a(_exit.o)
 .text.libgcc.fmul
                0x0000000000001e36        0x0 /usr/local/Cellar/avr-gcc/4.8.3/lib/gcc/avr/4.8.3/avr5/libgcc.a(_exit.o)
 .text.libgcc.fixed
                0x0000000000001e36        0x0 /usr/local/Cellar/avr-gcc/4.8.3/lib/gcc/avr/4.8.3/avr5/libgcc.a(_exit.o)
 .text.libgcc.mul
                0x0000000000001e36        0x0 /usr/local/Cellar/avr-gcc/4.8.3/lib/gcc/avr/4.8.3/avr5/libgcc.a(_clear_bss.o)
 .text.libgcc.div
                0x0000000000001e36        0x0 /usr/local/Cellar/avr-gcc/4.8.3/lib/gcc/avr/4.8.3/avr5/libgcc.a(_clear_bss.o)
 .text.libgcc   0x0000000000001e36        0x0 /usr/local/Cellar/avr-gcc/4.8.3/lib/gcc/avr/4.8.3/avr5/libgcc.a(_clear_bss.o)
 .text.libgcc.prologue
                0x0000000000001e36        0x0 /usr/local/Cellar/avr-gcc/4.8.3/lib/gcc/avr/4.8.3/avr5/libgcc.a(_clear_bss.o)
 .text.libgcc.builtins
                0x0000000000001e36        0x0 /usr/local/Cellar/avr-gcc/4.8.3/lib/gcc/avr/4.8.3/avr5/libgcc.a(_clear_bss.o)
 .text.libgcc.fmul
                0x0000000000001e36        0x0 /usr/local/Cellar/avr-gcc/4.8.3/lib/gcc/avr/4.8.3/avr5/libgcc.a(_clear_bss.o)
 .text.libgcc.fixed
                0x0000000000001e36        0x0 /usr/local/Cellar/avr-gcc/4.8.3/lib/gcc/avr/4.8.3/avr5/libgcc.a(_clear_bss.o)
 .text.libgcc.mul
                0x0000000000001e36        0x0 /usr/local/Cellar/avr-gcc/4.8.3/lib/gcc/avr/4.8.3/avr5/libgcc.a(_ctors.o)
 .text.libgcc.div
                0x0000000000001e36        0x0 /usr/local/Cellar/avr-gcc/4.8.3/lib/gcc/avr/4.8.3/avr5/libgcc.a(_ctors.o)
 .text.libgcc   0x0000000000001e36        0x0 /usr/local/Cellar/avr-gcc/4.8.3/lib/gcc/avr/4.8.3/avr5/libgcc.a(_ctors.o)
 .text.libgcc.prologue
                0x0000000000001e36        0x0 /usr/local/Cellar/avr-gcc/4.8.3/lib/gcc/avr/4.8.3/avr5/libgcc.a(_ctors.o)
 .text.libgcc.builtins
                0x0000000000001e36        0x0 /usr/local/Cellar/avr-gcc/4.8.3/lib/gcc/avr/4.8.3/avr5/libgcc.a(_ctors.o)
 .text.libgcc.fmul
                0x0000000000001e36        0x0 /usr/local/Cellar/avr-gcc/4.8.3/lib/gcc/avr/4.8.3/avr5/libgcc.a(_ctors.o)
 .text.libgcc.fixed
                0x0000000000001e36        0x0 /usr/local/Cellar/avr-gcc/4.8.3/lib/gcc/avr/4.8.3/avr5/libgcc.a(_ctors.o)
 .text.libgcc.mul
                0x0000000000001e36        0x0 /usr/local/Cellar/avr-gcc/4.8.3/lib/gcc/avr/4.8.3/avr5/libgcc.a(_dtors.o)
 .text.libgcc.div
                0x0000000000001e36        0x0 /usr/local/Cellar/avr-gcc/4.8.3/lib/gcc/avr/4.8.3/avr5/libgcc.a(_dtors.o)
 .text.libgcc   0x0000000000001e36        0x0 /usr/local/Cellar/avr-gcc/4.8.3/lib/gcc/avr/4.8.3/avr5/libgcc.a(_dtors.o)
 .text.libgcc.prologue
                0x0000000000001e36        0x0 /usr/local/Cellar/avr-gcc/4.8.3/lib/gcc/avr/4.8.3/avr5/libgcc.a(_dtors.o)
 .text.libgcc.builtins
                0x0000000000001e36        0x0 /usr/local/Cellar/avr-gcc/4.8.3/lib/gcc/avr/4.8.3/avr5/libgcc.a(_dtors.o)
 .text.libgcc.fmul
                0x0000000000001e36        0x0 /usr/local/Cellar/avr-gcc/4.8.3/lib/gcc/avr/4.8.3/avr5/libgcc.a(_dtors.o)
 .text.libgcc.fixed
                0x0000000000001e36        0x0 /usr/local/Cellar/avr-gcc/4.8.3/lib/gcc/avr/4.8.3/avr5/libgcc.a(_dtors.o)
 .text.libgcc.mul
                0x0000000000001e36       0x1e /usr/local/Cellar/avr-gcc/4.8.3/lib/gcc/avr/4.8.3/avr5/libgcc.a(_umulhisi3.o)
                0x0000000000001e36                __umulhisi3
 .text.libgcc.div
                0x0000000000001e54        0x0 /usr/local/Cellar/avr-gcc/4.8.3/lib/gcc/avr/4.8.3/avr5/libgcc.a(_umulhisi3.o)
 .text.libgcc   0x0000000000001e54        0x0 /usr/local/Cellar/avr-gcc/4.8.3/lib/gcc/avr/4.8.3/avr5/libgcc.a(_umulhisi3.o)
 .text.libgcc.prologue
                0x0000000000001e54        0x0 /usr/local/Cellar/avr-gcc/4.8.3/lib/gcc/avr/4.8.3/avr5/libgcc.a(_umulhisi3.o)
 .text.libgcc.builtins
                0x0000000000001e54        0x0 /usr/local/Cellar/avr-gcc/4.8.3/lib/gcc/avr/4.8.3/avr5/libgcc.a(_umulhisi3.o)
 .text.libgcc.fmul
                0x0000000000001e54        0x0 /usr/local/Cellar/avr-gcc/4.8.3/lib/gcc/avr/4.8.3/avr5/libgcc.a(_umulhisi3.o)
 .text.libgcc.fixed
                0x0000000000001e54        0x0 /usr/local/Cellar/avr-gcc/4.8.3/lib/gcc/avr/4.8.3/avr5/libgcc.a(_umulhisi3.o)
 .text.libgcc.mul
                0x0000000000001e54        0x0 /usr/local/Cellar/avr-gcc/4.8.3/lib/gcc/avr/4.8.3/avr5/libgcc.a(_tablejump.o)
 .text.libgcc.div
                0x0000000000001e54        0x0 /usr/local/Cellar/avr-gcc/4.8.3/lib/gcc/avr/4.8.3/avr5/libgcc.a(_tablejump.o)
 .text.libgcc   0x0000000000001e54        0xc /usr/local/Cellar/avr-gcc/4.8.3/lib/gcc/avr/4.8.3/avr5/libgcc.a(_tablejump.o)
                0x0000000000001e54                __tablejump2__
                0x0000000000001e58                __tablejump__
 .text.libgcc.prologue
                0x0000000000001e60        0x0 /usr/local/Cellar/avr-gcc/4.8.3/lib/gcc/avr/4.8.3/avr5/libgcc.a(_tablejump.o)
 .text.libgcc.builtins
                0x0000000000001e60        0x0 /usr/local/Cellar/avr-gcc/4.8.3/lib/gcc/avr/4.8.3/avr5/libgcc.a(_tablejump.o)
 .text.libgcc.fmul
                0x0000000000001e60        0x0 /usr/local/Cellar/avr-gcc/4.8.3/lib/gcc/avr/4.8.3/avr5/libgcc.a(_tablejump.o)
 .text.libgcc.fixed
                0x0000000000001e60        0x0 /usr/local/Cellar/avr-gcc/4.8.3/lib/gcc/avr/4.8.3/avr5/libgcc.a(_tablejump.o)
 .text.avr-libc
                0x0000000000001e60      0x24e /usr/local/Cellar/avr-gcc/4.8.3/lib/gcc/avr/4.8.3/../../../../avr/lib/avr5/libc.a(malloc.o)
                0x0000000000001e60                malloc
                0x0000000000001f90                free
 .text.avr-libc
                0x00000000000020ae        0xe /usr/local/Cellar/avr-gcc/4.8.3/lib/gcc/avr/4.8.3/../../../../avr/lib/avr5/libc.a(memset.o)
                0x00000000000020ae                memset
 .text.libgcc.mul
                0x00000000000020bc        0x0 /usr/local/Cellar/avr-gcc/4.8.3/lib/gcc/avr/4.8.3/avr5/libgcc.a(_copy_data.o)
 .text.libgcc.div
                0x00000000000020bc        0x0 /usr/local/Cellar/avr-gcc/4.8.3/lib/gcc/avr/4.8.3/avr5/libgcc.a(_copy_data.o)
 .text.libgcc   0x00000000000020bc        0x0 /usr/local/Cellar/avr-gcc/4.8.3/lib/gcc/avr/4.8.3/avr5/libgcc.a(_copy_data.o)
 .text.libgcc.prologue
                0x00000000000020bc        0x0 /usr/local/Cellar/avr-gcc/4.8.3/lib/gcc/avr/4.8.3/avr5/libgcc.a(_copy_data.o)
 .text.libgcc.builtins
                0x00000000000020bc        0x0 /usr/local/Cellar/avr-gcc/4.8.3/lib/gcc/avr/4.8.3/avr5/libgcc.a(_copy_data.o)
 .text.libgcc.fmul
                0x00000000000020bc        0x0 /usr/local/Cellar/avr-gcc/4.8.3/lib/gcc/avr/4.8.3/avr5/libgcc.a(_copy_data.o)
 .text.libgcc.fixed
                0x00000000000020bc        0x0 /usr/local/Cellar/avr-gcc/4.8.3/lib/gcc/avr/4.8.3/avr5/libgcc.a(_copy_data.o)
                0x00000000000020bc                . = ALIGN (0x2)
 *(.fini9)
 .fini9         0x00000000000020bc        0x0 /usr/local/Cellar/avr-gcc/4.8.3/lib/gcc/avr/4.8.3/avr5/libgcc.a(_exit.o)
                0x00000000000020bc                _exit
 *(.fini9)
 *(.fini8)
 *(.fini8)
 *(.fini7)
 *(.fini7)
 *(.fini6)
 .fini6         0x00000000000020bc       0x16 /usr/local/Cellar/avr-gcc/4.8.3/lib/gcc/avr/4.8.3/avr5/libgcc.a(_dtors.o)
                0x00000000000020bc                __do_global_dtors
 *(.fini6)
 *(.fini5)
 *(.fini5)
 *(.fini4)
 *(.fini4)
 *(.fini3)
 *(.fini3)
 *(.fini2)
 *(.fini2)
 *(.fini1)
 *(.fini1)
 *(.fini0)
 .fini0         0x00000000000020d2        0x4 /usr/local/Cellar/avr-gcc/4.8.3/lib/gcc/avr/4.8.3/avr5/libgcc.a(_exit.o)
 *(.fini0)
                0x00000000000020d6                _etext = .

.data           0x0000000000800100        0x6 load address 0x00000000000020d6
                0x0000000000800100                PROVIDE (__data_start, .)
 *(.data)
 .data          0x0000000000800100        0x0 /usr/local/Cellar/avr-gcc/4.8.3/lib/gcc/avr/4.8.3/../../../../avr/lib/avr5/crtm328p.o
 .data          0x0000000000800100        0x0 main.o
 .data          0x0000000000800100        0x0 /usr/local/Cellar/avr-gcc/4.8.3/lib/gcc/avr/4.8.3/../../../../avr/lib/avr5/libprintf_flt.a(vfprintf_flt.o)
 .data          0x0000000000800100        0x0 /usr/local/Cellar/avr-gcc/4.8.3/lib/gcc/avr/4.8.3/../../../../avr/lib/avr5/libc.a(exit.o)
 .data          0x0000000000800100        0x0 /usr/local/Cellar/avr-gcc/4.8.3/lib/gcc/avr/4.8.3/../../../../avr/lib/avr5/libc.a(ftoa_engine.o)
 .data          0x0000000000800100        0x0 /usr/local/Cellar/avr-gcc/4.8.3/lib/gcc/avr/4.8.3/../../../../avr/lib/avr5/libc.a(strnlen_P.o)
 .data          0x0000000000800100        0x0 /usr/local/Cellar/avr-gcc/4.8.3/lib/gcc/avr/4.8.3/../../../../avr/lib/avr5/libc.a(strnlen.o)
 .data          0x0000000000800100        0x0 /usr/local/Cellar/avr-gcc/4.8.3/lib/gcc/avr/4.8.3/../../../../avr/lib/avr5/libc.a(fputc.o)
 .data          0x0000000000800100        0x0 /usr/local/Cellar/avr-gcc/4.8.3/lib/gcc/avr/4.8.3/../../../../avr/lib/avr5/libc.a(ultoa_invert.o)
 .data          0x0000000000800100        0x0 /Users/maurik/Documents/codes/Microdev/AVR/lib/atmega328p_20000000/libarduino.a(wiring.o)
 .data          0x0000000000800100        0x0 /Users/maurik/Documents/codes/Microdev/AVR/lib/atmega328p_20000000/libarduino.a(wiring_digital.o)
 .data          0x0000000000800100        0x0 /Users/maurik/Documents/codes/Microdev/AVR/lib/atmega328p_20000000/libarduino.a(hooks.o)
 .data          0x0000000000800100        0x0 /Users/maurik/Documents/codes/Microdev/AVR/lib/atmega328p_20000000/libarduinoutil.a(Adafruit_NeoPixel.o)
 .data          0x0000000000800100        0x0 /usr/local/Cellar/avr-gcc/4.8.3/lib/gcc/avr/4.8.3/avr5/libgcc.a(_muluhisi3.o)
 .data          0x0000000000800100        0x0 /usr/local/Cellar/avr-gcc/4.8.3/lib/gcc/avr/4.8.3/avr5/libgcc.a(_udivmodhi4.o)
 .data          0x0000000000800100        0x0 /usr/local/Cellar/avr-gcc/4.8.3/lib/gcc/avr/4.8.3/avr5/libgcc.a(_udivmodsi4.o)
 .data          0x0000000000800100        0x0 /usr/local/Cellar/avr-gcc/4.8.3/lib/gcc/avr/4.8.3/avr5/libgcc.a(_divmodsi4.o)
 .data          0x0000000000800100        0x0 /usr/local/Cellar/avr-gcc/4.8.3/lib/gcc/avr/4.8.3/avr5/libgcc.a(_negsi2.o)
 .data          0x0000000000800100        0x0 /usr/local/Cellar/avr-gcc/4.8.3/lib/gcc/avr/4.8.3/avr5/libgcc.a(_prologue.o)
 .data          0x0000000000800100        0x0 /usr/local/Cellar/avr-gcc/4.8.3/lib/gcc/avr/4.8.3/avr5/libgcc.a(_epilogue.o)
 .data          0x0000000000800100        0x0 /usr/local/Cellar/avr-gcc/4.8.3/lib/gcc/avr/4.8.3/avr5/libgcc.a(_exit.o)
 .data          0x0000000000800100        0x0 /usr/local/Cellar/avr-gcc/4.8.3/lib/gcc/avr/4.8.3/avr5/libgcc.a(_clear_bss.o)
 .data          0x0000000000800100        0x0 /usr/local/Cellar/avr-gcc/4.8.3/lib/gcc/avr/4.8.3/avr5/libgcc.a(_ctors.o)
 .data          0x0000000000800100        0x0 /usr/local/Cellar/avr-gcc/4.8.3/lib/gcc/avr/4.8.3/avr5/libgcc.a(_dtors.o)
 .data          0x0000000000800100        0x0 /usr/local/Cellar/avr-gcc/4.8.3/lib/gcc/avr/4.8.3/avr5/libgcc.a(_umulhisi3.o)
 .data          0x0000000000800100        0x0 /usr/local/Cellar/avr-gcc/4.8.3/lib/gcc/avr/4.8.3/avr5/libgcc.a(_tablejump.o)
 .data          0x0000000000800100        0x6 /usr/local/Cellar/avr-gcc/4.8.3/lib/gcc/avr/4.8.3/../../../../avr/lib/avr5/libc.a(malloc.o)
                0x0000000000800100                __malloc_heap_end
                0x0000000000800102                __malloc_heap_start
                0x0000000000800104                __malloc_margin
 .data          0x0000000000800106        0x0 /usr/local/Cellar/avr-gcc/4.8.3/lib/gcc/avr/4.8.3/../../../../avr/lib/avr5/libc.a(memset.o)
 .data          0x0000000000800106        0x0 /usr/local/Cellar/avr-gcc/4.8.3/lib/gcc/avr/4.8.3/avr5/libgcc.a(_copy_data.o)
 *(.data*)
 *(.rodata)
 *(.rodata*)
 *(.gnu.linkonce.d*)
                0x0000000000800106                . = ALIGN (0x2)
                0x0000000000800106                _edata = .
                0x0000000000800106                PROVIDE (__data_end, .)

.bss            0x0000000000800106       0x22
                0x0000000000800106                PROVIDE (__bss_start, .)
 *(.bss)
 .bss           0x0000000000800106        0x0 /usr/local/Cellar/avr-gcc/4.8.3/lib/gcc/avr/4.8.3/../../../../avr/lib/avr5/crtm328p.o
 .bss           0x0000000000800106       0x15 main.o
                0x0000000000800106                strip
 .bss           0x000000000080011b        0x0 /usr/local/Cellar/avr-gcc/4.8.3/lib/gcc/avr/4.8.3/../../../../avr/lib/avr5/libprintf_flt.a(vfprintf_flt.o)
 .bss           0x000000000080011b        0x0 /usr/local/Cellar/avr-gcc/4.8.3/lib/gcc/avr/4.8.3/../../../../avr/lib/avr5/libc.a(exit.o)
 .bss           0x000000000080011b        0x0 /usr/local/Cellar/avr-gcc/4.8.3/lib/gcc/avr/4.8.3/../../../../avr/lib/avr5/libc.a(ftoa_engine.o)
 .bss           0x000000000080011b        0x0 /usr/local/Cellar/avr-gcc/4.8.3/lib/gcc/avr/4.8.3/../../../../avr/lib/avr5/libc.a(strnlen_P.o)
 .bss           0x000000000080011b        0x0 /usr/local/Cellar/avr-gcc/4.8.3/lib/gcc/avr/4.8.3/../../../../avr/lib/avr5/libc.a(strnlen.o)
 .bss           0x000000000080011b        0x0 /usr/local/Cellar/avr-gcc/4.8.3/lib/gcc/avr/4.8.3/../../../../avr/lib/avr5/libc.a(fputc.o)
 .bss           0x000000000080011b        0x0 /usr/local/Cellar/avr-gcc/4.8.3/lib/gcc/avr/4.8.3/../../../../avr/lib/avr5/libc.a(ultoa_invert.o)
 .bss           0x000000000080011b        0x9 /Users/maurik/Documents/codes/Microdev/AVR/lib/atmega328p_20000000/libarduino.a(wiring.o)
                0x000000000080011b                timer0_millis
                0x000000000080011f                timer0_overflow_count
 .bss           0x0000000000800124        0x0 /Users/maurik/Documents/codes/Microdev/AVR/lib/atmega328p_20000000/libarduino.a(wiring_digital.o)
 .bss           0x0000000000800124        0x0 /Users/maurik/Documents/codes/Microdev/AVR/lib/atmega328p_20000000/libarduino.a(hooks.o)
 .bss           0x0000000000800124        0x0 /Users/maurik/Documents/codes/Microdev/AVR/lib/atmega328p_20000000/libarduinoutil.a(Adafruit_NeoPixel.o)
 .bss           0x0000000000800124        0x0 /usr/local/Cellar/avr-gcc/4.8.3/lib/gcc/avr/4.8.3/avr5/libgcc.a(_muluhisi3.o)
 .bss           0x0000000000800124        0x0 /usr/local/Cellar/avr-gcc/4.8.3/lib/gcc/avr/4.8.3/avr5/libgcc.a(_udivmodhi4.o)
 .bss           0x0000000000800124        0x0 /usr/local/Cellar/avr-gcc/4.8.3/lib/gcc/avr/4.8.3/avr5/libgcc.a(_udivmodsi4.o)
 .bss           0x0000000000800124        0x0 /usr/local/Cellar/avr-gcc/4.8.3/lib/gcc/avr/4.8.3/avr5/libgcc.a(_divmodsi4.o)
 .bss           0x0000000000800124        0x0 /usr/local/Cellar/avr-gcc/4.8.3/lib/gcc/avr/4.8.3/avr5/libgcc.a(_negsi2.o)
 .bss           0x0000000000800124        0x0 /usr/local/Cellar/avr-gcc/4.8.3/lib/gcc/avr/4.8.3/avr5/libgcc.a(_prologue.o)
 .bss           0x0000000000800124        0x0 /usr/local/Cellar/avr-gcc/4.8.3/lib/gcc/avr/4.8.3/avr5/libgcc.a(_epilogue.o)
 .bss           0x0000000000800124        0x0 /usr/local/Cellar/avr-gcc/4.8.3/lib/gcc/avr/4.8.3/avr5/libgcc.a(_exit.o)
 .bss           0x0000000000800124        0x0 /usr/local/Cellar/avr-gcc/4.8.3/lib/gcc/avr/4.8.3/avr5/libgcc.a(_clear_bss.o)
 .bss           0x0000000000800124        0x0 /usr/local/Cellar/avr-gcc/4.8.3/lib/gcc/avr/4.8.3/avr5/libgcc.a(_ctors.o)
 .bss           0x0000000000800124        0x0 /usr/local/Cellar/avr-gcc/4.8.3/lib/gcc/avr/4.8.3/avr5/libgcc.a(_dtors.o)
 .bss           0x0000000000800124        0x0 /usr/local/Cellar/avr-gcc/4.8.3/lib/gcc/avr/4.8.3/avr5/libgcc.a(_umulhisi3.o)
 .bss           0x0000000000800124        0x0 /usr/local/Cellar/avr-gcc/4.8.3/lib/gcc/avr/4.8.3/avr5/libgcc.a(_tablejump.o)
 .bss           0x0000000000800124        0x0 /usr/local/Cellar/avr-gcc/4.8.3/lib/gcc/avr/4.8.3/../../../../avr/lib/avr5/libc.a(malloc.o)
 .bss           0x0000000000800124        0x0 /usr/local/Cellar/avr-gcc/4.8.3/lib/gcc/avr/4.8.3/../../../../avr/lib/avr5/libc.a(memset.o)
 .bss           0x0000000000800124        0x0 /usr/local/Cellar/avr-gcc/4.8.3/lib/gcc/avr/4.8.3/avr5/libgcc.a(_copy_data.o)
 *(.bss*)
 *(COMMON)
 COMMON         0x0000000000800124        0x4 /usr/local/Cellar/avr-gcc/4.8.3/lib/gcc/avr/4.8.3/../../../../avr/lib/avr5/libc.a(malloc.o)
                0x0000000000800124                __brkval
                0x0000000000800126                __flp
                0x0000000000800128                PROVIDE (__bss_end, .)
                0x00000000000020d6                __data_load_start = LOADADDR (.data)
                0x00000000000020dc                __data_load_end = (__data_load_start + SIZEOF (.data))

.noinit         0x0000000000800128        0x0
                0x0000000000800128                PROVIDE (__noinit_start, .)
 *(.noinit*)
                0x0000000000800128                PROVIDE (__noinit_end, .)
                0x0000000000800128                _end = .
                0x0000000000800128                PROVIDE (__heap_start, .)

.eeprom         0x0000000000810000        0x0
 *(.eeprom*)
                0x0000000000810000                __eeprom_end = .

.fuse
 *(.fuse)
 *(.lfuse)
 *(.hfuse)
 *(.efuse)

.lock
 *(.lock*)

.signature
 *(.signature*)

.stab
 *(.stab)

.stabstr
 *(.stabstr)

.stab.excl
 *(.stab.excl)

.stab.exclstr
 *(.stab.exclstr)

.stab.index
 *(.stab.index)

.stab.indexstr
 *(.stab.indexstr)

.comment        0x0000000000000000       0x11
 *(.comment)
 .comment       0x0000000000000000       0x11 main.o
                                         0x12 (size before relaxing)
 .comment       0x0000000000000000       0x12 /usr/local/Cellar/avr-gcc/4.8.3/lib/gcc/avr/4.8.3/../../../../avr/lib/avr5/libprintf_flt.a(vfprintf_flt.o)
 .comment       0x0000000000000000       0x12 /usr/local/Cellar/avr-gcc/4.8.3/lib/gcc/avr/4.8.3/../../../../avr/lib/avr5/libc.a(fputc.o)
 .comment       0x0000000000000000       0x12 /Users/maurik/Documents/codes/Microdev/AVR/lib/atmega328p_20000000/libarduino.a(wiring.o)
 .comment       0x0000000000000000       0x12 /Users/maurik/Documents/codes/Microdev/AVR/lib/atmega328p_20000000/libarduino.a(wiring_digital.o)
 .comment       0x0000000000000000       0x12 /Users/maurik/Documents/codes/Microdev/AVR/lib/atmega328p_20000000/libarduino.a(hooks.o)
 .comment       0x0000000000000000       0x12 /Users/maurik/Documents/codes/Microdev/AVR/lib/atmega328p_20000000/libarduinoutil.a(Adafruit_NeoPixel.o)
 .comment       0x0000000000000000       0x12 /usr/local/Cellar/avr-gcc/4.8.3/lib/gcc/avr/4.8.3/../../../../avr/lib/avr5/libc.a(malloc.o)

.note.gnu.build-id
 *(.note.gnu.build-id)

.debug
 *(.debug)

.line
 *(.line)

.debug_srcinfo
 *(.debug_srcinfo)

.debug_sfnames
 *(.debug_sfnames)

.debug_aranges  0x0000000000000000      0x1c0
 *(.debug_aranges)
 .debug_aranges
                0x0000000000000000       0x20 /usr/local/Cellar/avr-gcc/4.8.3/lib/gcc/avr/4.8.3/avr5/libgcc.a(_muluhisi3.o)
 .debug_aranges
                0x0000000000000020       0x20 /usr/local/Cellar/avr-gcc/4.8.3/lib/gcc/avr/4.8.3/avr5/libgcc.a(_udivmodhi4.o)
 .debug_aranges
                0x0000000000000040       0x20 /usr/local/Cellar/avr-gcc/4.8.3/lib/gcc/avr/4.8.3/avr5/libgcc.a(_udivmodsi4.o)
 .debug_aranges
                0x0000000000000060       0x20 /usr/local/Cellar/avr-gcc/4.8.3/lib/gcc/avr/4.8.3/avr5/libgcc.a(_divmodsi4.o)
 .debug_aranges
                0x0000000000000080       0x20 /usr/local/Cellar/avr-gcc/4.8.3/lib/gcc/avr/4.8.3/avr5/libgcc.a(_negsi2.o)
 .debug_aranges
                0x00000000000000a0       0x20 /usr/local/Cellar/avr-gcc/4.8.3/lib/gcc/avr/4.8.3/avr5/libgcc.a(_prologue.o)
 .debug_aranges
                0x00000000000000c0       0x20 /usr/local/Cellar/avr-gcc/4.8.3/lib/gcc/avr/4.8.3/avr5/libgcc.a(_epilogue.o)
 .debug_aranges
                0x00000000000000e0       0x20 /usr/local/Cellar/avr-gcc/4.8.3/lib/gcc/avr/4.8.3/avr5/libgcc.a(_exit.o)
 .debug_aranges
                0x0000000000000100       0x20 /usr/local/Cellar/avr-gcc/4.8.3/lib/gcc/avr/4.8.3/avr5/libgcc.a(_clear_bss.o)
 .debug_aranges
                0x0000000000000120       0x20 /usr/local/Cellar/avr-gcc/4.8.3/lib/gcc/avr/4.8.3/avr5/libgcc.a(_ctors.o)
 .debug_aranges
                0x0000000000000140       0x20 /usr/local/Cellar/avr-gcc/4.8.3/lib/gcc/avr/4.8.3/avr5/libgcc.a(_dtors.o)
 .debug_aranges
                0x0000000000000160       0x20 /usr/local/Cellar/avr-gcc/4.8.3/lib/gcc/avr/4.8.3/avr5/libgcc.a(_umulhisi3.o)
 .debug_aranges
                0x0000000000000180       0x20 /usr/local/Cellar/avr-gcc/4.8.3/lib/gcc/avr/4.8.3/avr5/libgcc.a(_tablejump.o)
 .debug_aranges
                0x00000000000001a0       0x20 /usr/local/Cellar/avr-gcc/4.8.3/lib/gcc/avr/4.8.3/avr5/libgcc.a(_copy_data.o)

.debug_pubnames
 *(.debug_pubnames)

.debug_info     0x0000000000000000      0xe6e
 *(.debug_info .gnu.linkonce.wi.*)
 .debug_info    0x0000000000000000      0x5f4 /usr/local/Cellar/avr-gcc/4.8.3/lib/gcc/avr/4.8.3/../../../../avr/lib/avr5/crtm328p.o
 .debug_info    0x00000000000005f4       0x9b /usr/local/Cellar/avr-gcc/4.8.3/lib/gcc/avr/4.8.3/avr5/libgcc.a(_muluhisi3.o)
 .debug_info    0x000000000000068f       0x9b /usr/local/Cellar/avr-gcc/4.8.3/lib/gcc/avr/4.8.3/avr5/libgcc.a(_udivmodhi4.o)
 .debug_info    0x000000000000072a       0x9b /usr/local/Cellar/avr-gcc/4.8.3/lib/gcc/avr/4.8.3/avr5/libgcc.a(_udivmodsi4.o)
 .debug_info    0x00000000000007c5       0x9b /usr/local/Cellar/avr-gcc/4.8.3/lib/gcc/avr/4.8.3/avr5/libgcc.a(_divmodsi4.o)
 .debug_info    0x0000000000000860       0x9b /usr/local/Cellar/avr-gcc/4.8.3/lib/gcc/avr/4.8.3/avr5/libgcc.a(_negsi2.o)
 .debug_info    0x00000000000008fb       0x9b /usr/local/Cellar/avr-gcc/4.8.3/lib/gcc/avr/4.8.3/avr5/libgcc.a(_prologue.o)
 .debug_info    0x0000000000000996       0x9b /usr/local/Cellar/avr-gcc/4.8.3/lib/gcc/avr/4.8.3/avr5/libgcc.a(_epilogue.o)
 .debug_info    0x0000000000000a31       0x9b /usr/local/Cellar/avr-gcc/4.8.3/lib/gcc/avr/4.8.3/avr5/libgcc.a(_exit.o)
 .debug_info    0x0000000000000acc       0x9b /usr/local/Cellar/avr-gcc/4.8.3/lib/gcc/avr/4.8.3/avr5/libgcc.a(_clear_bss.o)
 .debug_info    0x0000000000000b67       0x9b /usr/local/Cellar/avr-gcc/4.8.3/lib/gcc/avr/4.8.3/avr5/libgcc.a(_ctors.o)
 .debug_info    0x0000000000000c02       0x9b /usr/local/Cellar/avr-gcc/4.8.3/lib/gcc/avr/4.8.3/avr5/libgcc.a(_dtors.o)
 .debug_info    0x0000000000000c9d       0x9b /usr/local/Cellar/avr-gcc/4.8.3/lib/gcc/avr/4.8.3/avr5/libgcc.a(_umulhisi3.o)
 .debug_info    0x0000000000000d38       0x9b /usr/local/Cellar/avr-gcc/4.8.3/lib/gcc/avr/4.8.3/avr5/libgcc.a(_tablejump.o)
 .debug_info    0x0000000000000dd3       0x9b /usr/local/Cellar/avr-gcc/4.8.3/lib/gcc/avr/4.8.3/avr5/libgcc.a(_copy_data.o)

.debug_abbrev   0x0000000000000000      0x6ba
 *(.debug_abbrev)
 .debug_abbrev  0x0000000000000000      0x5a2 /usr/local/Cellar/avr-gcc/4.8.3/lib/gcc/avr/4.8.3/../../../../avr/lib/avr5/crtm328p.o
 .debug_abbrev  0x00000000000005a2       0x14 /usr/local/Cellar/avr-gcc/4.8.3/lib/gcc/avr/4.8.3/avr5/libgcc.a(_muluhisi3.o)
 .debug_abbrev  0x00000000000005b6       0x14 /usr/local/Cellar/avr-gcc/4.8.3/lib/gcc/avr/4.8.3/avr5/libgcc.a(_udivmodhi4.o)
 .debug_abbrev  0x00000000000005ca       0x14 /usr/local/Cellar/avr-gcc/4.8.3/lib/gcc/avr/4.8.3/avr5/libgcc.a(_udivmodsi4.o)
 .debug_abbrev  0x00000000000005de       0x14 /usr/local/Cellar/avr-gcc/4.8.3/lib/gcc/avr/4.8.3/avr5/libgcc.a(_divmodsi4.o)
 .debug_abbrev  0x00000000000005f2       0x14 /usr/local/Cellar/avr-gcc/4.8.3/lib/gcc/avr/4.8.3/avr5/libgcc.a(_negsi2.o)
 .debug_abbrev  0x0000000000000606       0x14 /usr/local/Cellar/avr-gcc/4.8.3/lib/gcc/avr/4.8.3/avr5/libgcc.a(_prologue.o)
 .debug_abbrev  0x000000000000061a       0x14 /usr/local/Cellar/avr-gcc/4.8.3/lib/gcc/avr/4.8.3/avr5/libgcc.a(_epilogue.o)
 .debug_abbrev  0x000000000000062e       0x14 /usr/local/Cellar/avr-gcc/4.8.3/lib/gcc/avr/4.8.3/avr5/libgcc.a(_exit.o)
 .debug_abbrev  0x0000000000000642       0x14 /usr/local/Cellar/avr-gcc/4.8.3/lib/gcc/avr/4.8.3/avr5/libgcc.a(_clear_bss.o)
 .debug_abbrev  0x0000000000000656       0x14 /usr/local/Cellar/avr-gcc/4.8.3/lib/gcc/avr/4.8.3/avr5/libgcc.a(_ctors.o)
 .debug_abbrev  0x000000000000066a       0x14 /usr/local/Cellar/avr-gcc/4.8.3/lib/gcc/avr/4.8.3/avr5/libgcc.a(_dtors.o)
 .debug_abbrev  0x000000000000067e       0x14 /usr/local/Cellar/avr-gcc/4.8.3/lib/gcc/avr/4.8.3/avr5/libgcc.a(_umulhisi3.o)
 .debug_abbrev  0x0000000000000692       0x14 /usr/local/Cellar/avr-gcc/4.8.3/lib/gcc/avr/4.8.3/avr5/libgcc.a(_tablejump.o)
 .debug_abbrev  0x00000000000006a6       0x14 /usr/local/Cellar/avr-gcc/4.8.3/lib/gcc/avr/4.8.3/avr5/libgcc.a(_copy_data.o)

.debug_line     0x0000000000000000      0x5ca
 *(.debug_line .debug_line.* .debug_line_end)
 .debug_line    0x0000000000000000       0x1d /usr/local/Cellar/avr-gcc/4.8.3/lib/gcc/avr/4.8.3/../../../../avr/lib/avr5/crtm328p.o
 .debug_line    0x000000000000001d       0x63 /usr/local/Cellar/avr-gcc/4.8.3/lib/gcc/avr/4.8.3/avr5/libgcc.a(_muluhisi3.o)
 .debug_line    0x0000000000000080       0x6d /usr/local/Cellar/avr-gcc/4.8.3/lib/gcc/avr/4.8.3/avr5/libgcc.a(_udivmodhi4.o)
 .debug_line    0x00000000000000ed       0x7b /usr/local/Cellar/avr-gcc/4.8.3/lib/gcc/avr/4.8.3/avr5/libgcc.a(_udivmodsi4.o)
 .debug_line    0x0000000000000168       0x6d /usr/local/Cellar/avr-gcc/4.8.3/lib/gcc/avr/4.8.3/avr5/libgcc.a(_divmodsi4.o)
 .debug_line    0x00000000000001d5       0x5b /usr/local/Cellar/avr-gcc/4.8.3/lib/gcc/avr/4.8.3/avr5/libgcc.a(_negsi2.o)
 .debug_line    0x0000000000000230       0x77 /usr/local/Cellar/avr-gcc/4.8.3/lib/gcc/avr/4.8.3/avr5/libgcc.a(_prologue.o)
 .debug_line    0x00000000000002a7       0x76 /usr/local/Cellar/avr-gcc/4.8.3/lib/gcc/avr/4.8.3/avr5/libgcc.a(_epilogue.o)
 .debug_line    0x000000000000031d       0x5b /usr/local/Cellar/avr-gcc/4.8.3/lib/gcc/avr/4.8.3/avr5/libgcc.a(_exit.o)
 .debug_line    0x0000000000000378       0x61 /usr/local/Cellar/avr-gcc/4.8.3/lib/gcc/avr/4.8.3/avr5/libgcc.a(_clear_bss.o)
 .debug_line    0x00000000000003d9       0x63 /usr/local/Cellar/avr-gcc/4.8.3/lib/gcc/avr/4.8.3/avr5/libgcc.a(_ctors.o)
 .debug_line    0x000000000000043c       0x63 /usr/local/Cellar/avr-gcc/4.8.3/lib/gcc/avr/4.8.3/avr5/libgcc.a(_dtors.o)
 .debug_line    0x000000000000049f       0x68 /usr/local/Cellar/avr-gcc/4.8.3/lib/gcc/avr/4.8.3/avr5/libgcc.a(_umulhisi3.o)
 .debug_line    0x0000000000000507       0x5f /usr/local/Cellar/avr-gcc/4.8.3/lib/gcc/avr/4.8.3/avr5/libgcc.a(_tablejump.o)
 .debug_line    0x0000000000000566       0x64 /usr/local/Cellar/avr-gcc/4.8.3/lib/gcc/avr/4.8.3/avr5/libgcc.a(_copy_data.o)

.debug_frame
 *(.debug_frame)

.debug_str      0x0000000000000000      0x208
 *(.debug_str)
 .debug_str     0x0000000000000000      0x208 /usr/local/Cellar/avr-gcc/4.8.3/lib/gcc/avr/4.8.3/../../../../avr/lib/avr5/crtm328p.o

.debug_loc
 *(.debug_loc)

.debug_macinfo
 *(.debug_macinfo)

.debug_weaknames
 *(.debug_weaknames)

.debug_funcnames
 *(.debug_funcnames)

.debug_typenames
 *(.debug_typenames)

.debug_varnames
 *(.debug_varnames)

.debug_pubtypes
 *(.debug_pubtypes)

.debug_ranges
 *(.debug_ranges)

.debug_macro
 *(.debug_macro)
OUTPUT(Neopixel_Test.out elf32-avr)
LOAD linker stubs
